// Vitest Snapshot v1, https://vitest.dev/guide/snapshot.html

exports[`should render Col correctly and should render gutter correctly 1`] = `
<div
  class="nut-row nut-row- nut-row-justify-start nut-row-align-flex-start nut-row-flex-nowrap"
>
  <div
    class="nut-col nut-col-gutter nut-col-8 nut-col-offset-0"
    style="padding-left: 3px; padding-right: 3px;"
  >
    8
  </div>
  <div
    class="nut-col nut-col-gutter nut-col-8 nut-col-offset-0"
    style="padding-left: 3px; padding-right: 3px;"
  >
    8
  </div>
  <div
    class="nut-col nut-col-gutter nut-col-8 nut-col-offset-0"
    style="padding-left: 3px; padding-right: 3px;"
  >
    8
  </div>
</div>
`;
